// Jest Snapshot v1, https://goo.gl/fbAQLP

exports[`<Grid grid-direction="..." /> props grid-direction 1`] = `
<div
  className="ek-grid ek-grid_direction_value"
/>
`;
