// Jest Snapshot v1, https://goo.gl/fbAQLP

exports[`<Grid grid-align="..." /> props grid-align 1`] = `
<div
  className="ek-grid ek-grid_align_value"
/>
`;
