// Jest Snapshot v1, https://goo.gl/fbAQLP

exports[`<GridItem grid-item-display="..." /> props grid-item-display 1`] = `
<div
  className="ek-grid__item ek-grid__item_display_value"
/>
`;
