// Jest Snapshot v1, https://goo.gl/fbAQLP

exports[`<Flex flex-height="..." /> props flex-height 1`] = `
<div
  className="ek-flex ek-flex_height_value"
/>
`;
