// Jest Snapshot v1, https://goo.gl/fbAQLP

exports[`<Flex flex-wrap="..." /> props flex-wrap 1`] = `
<div
  className="ek-flex ek-flex_wrap_value"
/>
`;
