// Jest Snapshot v1, https://goo.gl/fbAQLP

exports[`<Line line-indent="..." /> props line-indent 1`] = `
<hr
  className="ek-line ek-line_indent_value"
/>
`;
