// Jest Snapshot v1, https://goo.gl/fbAQLP

exports[`<Image image-alt="..." /> props image-alt 1`] = `
<img
  className="ek-image ek-image_alt_value"
/>
`;
