// Jest Snapshot v1, https://goo.gl/fbAQLP

exports[`<Image image-fit="..." /> props image-fit 1`] = `
<img
  className="ek-image ek-image_fit_value"
/>
`;
