// Jest Snapshot v1, https://goo.gl/fbAQLP

exports[`<Image /> props className 1`] = `
<img
  alt=""
  className="ek-image ololo"
  src=""
/>
`;

exports[`<Image /> props image-tag 1`] = `
<span
  className="ek-image"
/>
`;

exports[`<Image /> render 1`] = `
<img
  alt="test alt"
  className="ek-image"
  src="test.jpg"
/>
`;
