// Jest Snapshot v1, https://goo.gl/fbAQLP

exports[`<Image image-display="..." /> props image-display 1`] = `
<img
  className="ek-image ek-image_display_value"
/>
`;
