// Jest Snapshot v1, https://goo.gl/fbAQLP

exports[`<Button button-width="..." /> props button-width 1`] = `
<button
  className="ek-button ek-button_width_value"
/>
`;
