// Jest Snapshot v1, https://goo.gl/fbAQLP

exports[`<Button button-weight="..." /> props button-weight 1`] = `
<button
  className="ek-button ek-button_weight_value"
/>
`;
