// Jest Snapshot v1, https://goo.gl/fbAQLP

exports[`<Box box-display="..." /> props box-display 1`] = `
<div
  className="ek-box ek-box_display_inline-block"
/>
`;
