// Jest Snapshot v1, https://goo.gl/fbAQLP

exports[`<Box box-height="..." /> props box-height 1`] = `
<div
  className="ek-box ek-box_height_1-1"
/>
`;
