// Jest Snapshot v1, https://goo.gl/fbAQLP

exports[`<Box box-position="..." /> props box-position 1`] = `
<div
  className="ek-box ek-box_position_absolute"
/>
`;
