// Jest Snapshot v1, https://goo.gl/fbAQLP

exports[`<Box box-align="..." /> props box-align 1`] = `
<div
  className="ek-box ek-box_align_left"
/>
`;
