// Jest Snapshot v1, https://goo.gl/fbAQLP

exports[`<Box box-zindex="..." /> props box-zindex 1`] = `
<div
  className="ek-box ek-box_zindex_xs"
/>
`;
