// Jest Snapshot v1, https://goo.gl/fbAQLP

exports[`<List list-divider="..." /> props list-divider 1`] = `
<ul
  className="ek-list ek-list_divider_value"
/>
`;
