// Jest Snapshot v1, https://goo.gl/fbAQLP

exports[`<BodySection body-section-height="..." /> props body-section-height 1`] = `
<div
  className="ek-body__section ek-body__section_height_value"
/>
`;
