// Jest Snapshot v1, https://goo.gl/fbAQLP

exports[`<Text text-style="..." /> props text-style 1`] = `
<span
  className="ek-text ek-text_style_value"
/>
`;
