// Jest Snapshot v1, https://goo.gl/fbAQLP

exports[`<Text text-weight="..." /> props text-weight 1`] = `
<span
  className="ek-text ek-text_weight_value"
/>
`;
