// Jest Snapshot v1, https://goo.gl/fbAQLP

exports[`<Link link-lheight="..." /> props link-lheight 1`] = `
<a
  className="ek-link ek-link_lheight_value"
/>
`;
