// Jest Snapshot v1, https://goo.gl/fbAQLP

exports[`<Link link-valign="..." /> props link-valign 1`] = `
<a
  className="ek-link ek-link_valign_value"
/>
`;
